eeschema (2012-apr-16-27)-stable  >> Creation date: Mon 23 Feb 2015 01:40:27 PM CET

#Cmp ( order = Reference )
| C1         220n        
| C2         100n        
| C3         20p         
| C4         20p         
| D1         1N4148      
| D2         1N4148      
| D3         1N4148      
| D4         1N4148      
| D5         4V7         
| D6         15V         
| D7         4V3         
| D8         LED         
| IC1        PC827       
| IC2        ATTINY4313-P
| JP1        JUMPER      
| JP2        JUMPER      
| JP3        JUMPER      
| JP4        JUMPER      
| P1         CONN_2      
| P2         CONN_13X2   
| P3         CONN_3X2    
| P4         CONN_5      
| P5         CONN_4      
| P6         CONN_2      
| Q1         BC558       
| Q2         BC548       
| Q3         BC558       
| Q4         BC558       
| Q5         BC548       
| Q6         BC558       
| Q7         BC558       
| R1         330         
| R2         3K3         
| R3         1K          
| R4         1K          
| R5         220         
| R6         100         
| R7         330         
| R8         100         
| R9         2M2         
| R10        4K7         
| R11        3K3         
| R12        3K3         
| R13        3K3         
| R14        100         
| R15        10K         
| R16        39          
| R17        33K         
| R18        33K         
| R19        3K3         
| R20        3k9         
| U1         SW1-524S    
| X1         11.052MHz   
#End Cmp

#Cmp ( order = Value )
| 100          R6        
| 100          R8        
| 100          R14       
| 100n         C2        
| 10K          R15       
| 11.052MHz    X1        
| 15V          D6        
| 1K           R3        
| 1K           R4        
| 1N4148       D1        
| 1N4148       D2        
| 1N4148       D3        
| 1N4148       D4        
| 20p          C3        
| 20p          C4        
| 220          R5        
| 220n         C1        
| 2M2          R9        
| 330          R1        
| 330          R7        
| 33K          R17       
| 33K          R18       
| 39           R16       
| 3K3          R2        
| 3K3          R11       
| 3K3          R12       
| 3K3          R13       
| 3K3          R19       
| 3k9          R20       
| 4K7          R10       
| 4V3          D7        
| 4V7          D5        
| ATTINY4313-P IC2       
| BC548        Q2        
| BC548        Q5        
| BC558        Q1        
| BC558        Q3        
| BC558        Q4        
| BC558        Q6        
| BC558        Q7        
| CONN_13X2    P2        
| CONN_2       P1        
| CONN_2       P6        
| CONN_3X2     P3        
| CONN_4       P5        
| CONN_5       P4        
| JUMPER       JP1       
| JUMPER       JP2       
| JUMPER       JP3       
| JUMPER       JP4       
| LED          D8        
| PC827        IC1       
| SW1-524S     U1        
#End Cmp

#End List
